To honour the JVM settings for this build a single-use Daemon process will be forked. For more on this, please refer to https://docs.gradle.org/9.5.1/userguide/gradle_daemon.html#sec:disabling_the_daemon in the Gradle documentation.
Daemon will be stopped at the end of the build 

> Configure project :
Fabric Loom: 1.17.21

> Task :compileJava
> Task :processResources
> Task :classes
> Task :processIncludeJars UP-TO-DATE
> Task :sourcesJar
> Task :jar
> Task :compileRewardChecks
> Task :assemble

> Task :checkAdditionalGoals
Additional goal checks passed: exact amounts, freeze, pending prices, resets, persistence and server isolation.

> Task :checkChatTabsLayout
Chat layout checks passed: 5195

> Task :checkLocalization
Localization checks passed: fallback, substitutions, live time units and server parser.

> Task :checkRewardStatistics
Reward statistics checks passed: 31

> Task :compileTestJava NO-SOURCE
> Task :processTestResources NO-SOURCE
> Task :testClasses UP-TO-DATE
> Task :test NO-SOURCE
> Task :validateAccessWidener NO-SOURCE
> Task :check

[Incubating] Problems report is available at: file:///D:/EvoAssist26.2/build/reports/problems/problems-report.html

Deprecated Gradle features were used in this build, making it incompatible with Gradle 10.

You can use '--warning-mode all' to show the individual deprecation warnings and determine if they come from your own scripts or plugins.

For more on this, please refer to https://docs.gradle.org/9.5.1/userguide/command_line_interface.html#sec:command_line_warnings in the Gradle documentation.

BUILD SUCCESSFUL in 12s
10 actionable tasks: 9 executed, 1 up-to-date
