Compiled from "ModMenu.java"
public class com.terraformersmc.modmenu.ModMenu implements net.fabricmc.api.ClientModInitializer {
  public static final java.lang.String MOD_ID;

  public static final java.lang.String GITHUB_REF;

  public static final org.slf4j.Logger LOGGER;

  public static final com.google.gson.Gson GSON;

  public static final com.google.gson.Gson GSON_MINIFIED;

  public static final java.util.Map<java.lang.String, com.terraformersmc.modmenu.util.mod.Mod> MODS;

  public static final java.util.Map<java.lang.String, com.terraformersmc.modmenu.util.mod.Mod> ROOT_MODS;

  public static final com.google.common.collect.ListMultimap<com.terraformersmc.modmenu.util.mod.Mod, com.terraformersmc.modmenu.util.mod.Mod> PARENT_MAP;

  private static final java.util.Map<java.lang.String, com.terraformersmc.modmenu.api.ConfigScreenFactory<?>> configScreenFactories;

  private static final java.util.List<com.terraformersmc.modmenu.api.ModMenuApi> apiImplementations;

  private static int cachedDisplayedModCount;

  public static final boolean RUNNING_QUILT;

  public static final boolean DEV_ENVIRONMENT;

  public static final boolean TEXT_PLACEHOLDER_COMPAT;

  public com.terraformersmc.modmenu.ModMenu();
    Code:
         0: aload_0
         1: invokespecial #1                  // Method java/lang/Object."<init>":()V
         4: return

  public static boolean hasConfigScreen(java.lang.String);
    Code:
         0: aload_0
         1: invokestatic  #7                  // Method getConfigScreenFactory:(Ljava/lang/String;)Lcom/terraformersmc/modmenu/api/ConfigScreenFactory;
         4: ifnull        11
         7: iconst_1
         8: goto          12
        11: iconst_0
        12: ireturn

  public static net.minecraft.client.gui.screens.Screen getConfigScreen(java.lang.String, net.minecraft.client.gui.screens.Screen);
    Code:
         0: aload_0
         1: invokestatic  #7                  // Method getConfigScreenFactory:(Ljava/lang/String;)Lcom/terraformersmc/modmenu/api/ConfigScreenFactory;
         4: astore_2
         5: aload_2
         6: ifnull        17
         9: aload_2
        10: aload_1
        11: invokeinterface #13,  2           // InterfaceMethod com/terraformersmc/modmenu/api/ConfigScreenFactory.create:(Lnet/minecraft/client/gui/screens/Screen;)Lnet/minecraft/client/gui/screens/Screen;
        16: areturn
        17: aconst_null
        18: areturn

  private static com.terraformersmc.modmenu.api.ConfigScreenFactory<?> getConfigScreenFactory(java.lang.String);
    Code:
         0: getstatic     #19                 // Field com/terraformersmc/modmenu/config/ModMenuConfig.HIDDEN_CONFIGS:Lcom/terraformersmc/modmenu/config/option/StringSetConfigOption;
         3: invokevirtual #25                 // Method com/terraformersmc/modmenu/config/option/StringSetConfigOption.getValue:()Ljava/util/Set;
         6: aload_0
         7: invokeinterface #31,  2           // InterfaceMethod java/util/Set.contains:(Ljava/lang/Object;)Z
        12: ifeq          17
        15: aconst_null
        16: areturn
        17: getstatic     #37                 // Field apiImplementations:Ljava/util/List;
        20: invokeinterface #41,  1           // InterfaceMethod java/util/List.iterator:()Ljava/util/Iterator;
        25: astore_1
        26: aload_1
        27: invokeinterface #47,  1           // InterfaceMethod java/util/Iterator.hasNext:()Z
        32: ifeq          83
        35: aload_1
        36: invokeinterface #53,  1           // InterfaceMethod java/util/Iterator.next:()Ljava/lang/Object;
        41: checkcast     #57                 // class com/terraformersmc/modmenu/api/ModMenuApi
        44: astore_2
        45: aload_2
        46: invokeinterface #59,  1           // InterfaceMethod com/terraformersmc/modmenu/api/ModMenuApi.getProvidedConfigScreenFactories:()Ljava/util/Map;
        51: astore_3
        52: aload_3
        53: invokeinterface #63,  1           // InterfaceMethod java/util/Map.isEmpty:()Z
        58: ifne          80
        61: aload_3
        62: getstatic     #68                 // Field configScreenFactories:Ljava/util/Map;
        65: dup
        66: invokestatic  #72                 // Method java/util/Objects.requireNonNull:(Ljava/lang/Object;)Ljava/lang/Object;
        69: pop
        70: invokedynamic #78,  0             // InvokeDynamic #0:accept:(Ljava/util/Map;)Ljava/util/function/BiConsumer;
        75: invokeinterface #82,  2           // InterfaceMethod java/util/Map.forEach:(Ljava/util/function/BiConsumer;)V
        80: goto          26
        83: getstatic     #68                 // Field configScreenFactories:Ljava/util/Map;
        86: aload_0
        87: invokeinterface #86,  2           // InterfaceMethod java/util/Map.get:(Ljava/lang/Object;)Ljava/lang/Object;
        92: checkcast     #14                 // class com/terraformersmc/modmenu/api/ConfigScreenFactory
        95: areturn

  public void onInitializeClient();
    Code:
         0: invokestatic  #89                 // Method com/terraformersmc/modmenu/config/ModMenuConfigManager.initializeConfig:()V
         3: new           #94                 // class java/util/HashSet
         6: dup
         7: invokespecial #96                 // Method java/util/HashSet."<init>":()V
        10: astore_1
        11: new           #97                 // class java/util/HashMap
        14: dup
        15: invokespecial #99                 // Method java/util/HashMap."<init>":()V
        18: astore_2
        19: new           #97                 // class java/util/HashMap
        22: dup
        23: invokespecial #99                 // Method java/util/HashMap."<init>":()V
        26: astore_3
        27: invokestatic  #100                // InterfaceMethod net/fabricmc/loader/api/FabricLoader.getInstance:()Lnet/fabricmc/loader/api/FabricLoader;
        30: ldc           #106                // String modmenu
        32: ldc           #57                 // class com/terraformersmc/modmenu/api/ModMenuApi
        34: invokeinterface #108,  3          // InterfaceMethod net/fabricmc/loader/api/FabricLoader.getEntrypointContainers:(Ljava/lang/String;Ljava/lang/Class;)Ljava/util/List;
        39: aload_2
        40: aload_3
        41: aload_1
        42: invokedynamic #112,  0            // InvokeDynamic #1:accept:(Ljava/util/Map;Ljava/util/Map;Ljava/util/Set;)Ljava/util/function/Consumer;
        47: invokeinterface #115,  2          // InterfaceMethod java/util/List.forEach:(Ljava/util/function/Consumer;)V
        52: invokestatic  #100                // InterfaceMethod net/fabricmc/loader/api/FabricLoader.getInstance:()Lnet/fabricmc/loader/api/FabricLoader;
        55: invokeinterface #118,  1          // InterfaceMethod net/fabricmc/loader/api/FabricLoader.getAllMods:()Ljava/util/Collection;
        60: invokeinterface #122,  1          // InterfaceMethod java/util/Collection.iterator:()Ljava/util/Iterator;
        65: astore        4
        67: aload         4
        69: invokeinterface #47,  1           // InterfaceMethod java/util/Iterator.hasNext:()Z
        74: ifeq          193
        77: aload         4
        79: invokeinterface #53,  1           // InterfaceMethod java/util/Iterator.next:()Ljava/lang/Object;
        84: checkcast     #125                // class net/fabricmc/loader/api/ModContainer
        87: astore        5
        89: getstatic     #127                // Field RUNNING_QUILT:Z
        92: ifeq          110
        95: new           #131                // class com/terraformersmc/modmenu/util/mod/quilt/QuiltMod
        98: dup
        99: aload         5
       101: aload_1
       102: invokespecial #133                // Method com/terraformersmc/modmenu/util/mod/quilt/QuiltMod."<init>":(Lnet/fabricmc/loader/api/ModContainer;Ljava/util/Set;)V
       105: astore        6
       107: goto          122
       110: new           #136                // class com/terraformersmc/modmenu/util/mod/fabric/FabricMod
       113: dup
       114: aload         5
       116: aload_1
       117: invokespecial #138                // Method com/terraformersmc/modmenu/util/mod/fabric/FabricMod."<init>":(Lnet/fabricmc/loader/api/ModContainer;Ljava/util/Set;)V
       120: astore        6
       122: aload_2
       123: aload         6
       125: invokeinterface #139,  1          // InterfaceMethod com/terraformersmc/modmenu/util/mod/Mod.getId:()Ljava/lang/String;
       130: invokeinterface #86,  2           // InterfaceMethod java/util/Map.get:(Ljava/lang/Object;)Ljava/lang/Object;
       135: checkcast     #145                // class com/terraformersmc/modmenu/api/UpdateChecker
       138: astore        7
       140: aload         7
       142: ifnonnull     163
       145: aload_3
       146: aload         6
       148: invokeinterface #139,  1          // InterfaceMethod com/terraformersmc/modmenu/util/mod/Mod.getId:()Ljava/lang/String;
       153: invokeinterface #86,  2           // InterfaceMethod java/util/Map.get:(Ljava/lang/Object;)Ljava/lang/Object;
       158: checkcast     #145                // class com/terraformersmc/modmenu/api/UpdateChecker
       161: astore        7
       163: getstatic     #147                // Field MODS:Ljava/util/Map;
       166: aload         6
       168: invokeinterface #139,  1          // InterfaceMethod com/terraformersmc/modmenu/util/mod/Mod.getId:()Ljava/lang/String;
       173: aload         6
       175: invokeinterface #150,  3          // InterfaceMethod java/util/Map.put:(Ljava/lang/Object;Ljava/lang/Object;)Ljava/lang/Object;
       180: pop
       181: aload         6
       183: aload         7
       185: invokeinterface #154,  2          // InterfaceMethod com/terraformersmc/modmenu/util/mod/Mod.setUpdateChecker:(Lcom/terraformersmc/modmenu/api/UpdateChecker;)V
       190: goto          67
       193: invokestatic  #158                // Method checkForUpdates:()V
       196: new           #97                 // class java/util/HashMap
       199: dup
       200: invokespecial #99                 // Method java/util/HashMap."<init>":()V
       203: astore        4
       205: new           #94                 // class java/util/HashSet
       208: dup
       209: invokespecial #96                 // Method java/util/HashSet."<init>":()V
       212: astore        5
       214: getstatic     #147                // Field MODS:Ljava/util/Map;
       217: invokeinterface #161,  1          // InterfaceMethod java/util/Map.values:()Ljava/util/Collection;
       222: invokeinterface #122,  1          // InterfaceMethod java/util/Collection.iterator:()Ljava/util/Iterator;
       227: astore        6
       229: aload         6
       231: invokeinterface #47,  1           // InterfaceMethod java/util/Iterator.hasNext:()Z
       236: ifeq          466
       239: aload         6
       241: invokeinterface #53,  1           // InterfaceMethod java/util/Iterator.next:()Ljava/lang/Object;
       246: checkcast     #140                // class com/terraformersmc/modmenu/util/mod/Mod
       249: astore        7
       251: aload         7
       253: invokeinterface #164,  1          // InterfaceMethod com/terraformersmc/modmenu/util/mod/Mod.getParent:()Ljava/lang/String;
       258: astore        8
       260: aload         8
       262: ifnonnull     286
       265: getstatic     #167                // Field ROOT_MODS:Ljava/util/Map;
       268: aload         7
       270: invokeinterface #139,  1          // InterfaceMethod com/terraformersmc/modmenu/util/mod/Mod.getId:()Ljava/lang/String;
       275: aload         7
       277: invokeinterface #150,  3          // InterfaceMethod java/util/Map.put:(Ljava/lang/Object;Ljava/lang/Object;)Ljava/lang/Object;
       282: pop
       283: goto          229
       286: aload         5
       288: invokevirtual #170                // Method java/util/HashSet.clear:()V
       291: getstatic     #147                // Field MODS:Ljava/util/Map;
       294: aload         8
       296: aload         4
       298: aload         8
       300: invokeinterface #86,  2           // InterfaceMethod java/util/Map.get:(Ljava/lang/Object;)Ljava/lang/Object;
       305: checkcast     #140                // class com/terraformersmc/modmenu/util/mod/Mod
       308: invokeinterface #173,  3          // InterfaceMethod java/util/Map.getOrDefault:(Ljava/lang/Object;Ljava/lang/Object;)Ljava/lang/Object;
       313: checkcast     #140                // class com/terraformersmc/modmenu/util/mod/Mod
       316: astore        9
       318: aload         9
       320: ifnonnull     359
       323: aload         7
       325: instanceof    #136                // class com/terraformersmc/modmenu/util/mod/fabric/FabricMod
       328: ifeq          359
       331: new           #176                // class com/terraformersmc/modmenu/util/mod/fabric/FabricDummyParentMod
       334: dup
       335: aload         7
       337: checkcast     #136                // class com/terraformersmc/modmenu/util/mod/fabric/FabricMod
       340: aload         8
       342: invokespecial #178                // Method com/terraformersmc/modmenu/util/mod/fabric/FabricDummyParentMod."<init>":(Lcom/terraformersmc/modmenu/util/mod/fabric/FabricMod;Ljava/lang/String;)V
       345: astore        9
       347: aload         4
       349: aload         8
       351: aload         9
       353: invokeinterface #150,  3          // InterfaceMethod java/util/Map.put:(Ljava/lang/Object;Ljava/lang/Object;)Ljava/lang/Object;
       358: pop
       359: aload         9
       361: ifnull        374
       364: aload         9
       366: invokeinterface #164,  1          // InterfaceMethod com/terraformersmc/modmenu/util/mod/Mod.getParent:()Ljava/lang/String;
       371: goto          375
       374: aconst_null
       375: astore        8
       377: aload         8
       379: ifnonnull     385
       382: goto          424
       385: aload         5
       387: aload         8
       389: invokevirtual #181                // Method java/util/HashSet.contains:(Ljava/lang/Object;)Z
       392: ifeq          413
       395: getstatic     #182                // Field LOGGER:Lorg/slf4j/Logger;
       398: ldc           #186                // String Mods contain each other as parents: {}
       400: aload         5
       402: invokeinterface #188,  3          // InterfaceMethod org/slf4j/Logger.warn:(Ljava/lang/String;Ljava/lang/Object;)V
       407: aconst_null
       408: astore        9
       410: goto          424
       413: aload         5
       415: aload         8
       417: invokevirtual #194                // Method java/util/HashSet.add:(Ljava/lang/Object;)Z
       420: pop
       421: goto          291
       424: aload         9
       426: ifnonnull     450
       429: getstatic     #167                // Field ROOT_MODS:Ljava/util/Map;
       432: aload         7
       434: invokeinterface #139,  1          // InterfaceMethod com/terraformersmc/modmenu/util/mod/Mod.getId:()Ljava/lang/String;
       439: aload         7
       441: invokeinterface #150,  3          // InterfaceMethod java/util/Map.put:(Ljava/lang/Object;Ljava/lang/Object;)Ljava/lang/Object;
       446: pop
       447: goto          229
       450: getstatic     #197                // Field PARENT_MAP:Lcom/google/common/collect/ListMultimap;
       453: aload         9
       455: aload         7
       457: invokeinterface #201,  3          // InterfaceMethod com/google/common/collect/ListMultimap.put:(Ljava/lang/Object;Ljava/lang/Object;)Z
       462: pop
       463: goto          229
       466: getstatic     #147                // Field MODS:Ljava/util/Map;
       469: aload         4
       471: invokeinterface #206,  2          // InterfaceMethod java/util/Map.putAll:(Ljava/util/Map;)V
       476: invokestatic  #210                // Method com/terraformersmc/modmenu/event/ModMenuEventHandler.register:()V
       479: return

  public static void clearModCountCache();
    Code:
         0: iconst_m1
         1: putstatic     #215                // Field cachedDisplayedModCount:I
         4: return

  public static void checkForUpdates();
    Code:
         0: invokestatic  #219                // Method com/terraformersmc/modmenu/util/UpdateCheckerUtil.checkForUpdates:()V
         3: return

  public static boolean areModUpdatesAvailable();
    Code:
         0: getstatic     #222                // Field com/terraformersmc/modmenu/config/ModMenuConfig.UPDATE_CHECKER:Lcom/terraformersmc/modmenu/config/option/BooleanConfigOption;
         3: invokevirtual #226                // Method com/terraformersmc/modmenu/config/option/BooleanConfigOption.getValue:()Z
         6: ifne          11
         9: iconst_0
        10: ireturn
        11: getstatic     #147                // Field MODS:Ljava/util/Map;
        14: invokeinterface #161,  1          // InterfaceMethod java/util/Map.values:()Ljava/util/Collection;
        19: invokeinterface #122,  1          // InterfaceMethod java/util/Collection.iterator:()Ljava/util/Iterator;
        24: astore_0
        25: aload_0
        26: invokeinterface #47,  1           // InterfaceMethod java/util/Iterator.hasNext:()Z
        31: ifeq          115
        34: aload_0
        35: invokeinterface #53,  1           // InterfaceMethod java/util/Iterator.next:()Ljava/lang/Object;
        40: checkcast     #140                // class com/terraformersmc/modmenu/util/mod/Mod
        43: astore_1
        44: aload_1
        45: invokeinterface #230,  1          // InterfaceMethod com/terraformersmc/modmenu/util/mod/Mod.isHidden:()Z
        50: ifeq          56
        53: goto          25
        56: getstatic     #233                // Field com/terraformersmc/modmenu/config/ModMenuConfig.SHOW_LIBRARIES:Lcom/terraformersmc/modmenu/config/option/EnumConfigOption;
        59: invokevirtual #237                // Method com/terraformersmc/modmenu/config/option/EnumConfigOption.getValue:()Ljava/lang/Enum;
        62: checkcast     #242                // class com/terraformersmc/modmenu/config/ModMenuConfig$LibraryVisibility
        65: aload_1
        66: aload_1
        67: invokeinterface #139,  1          // InterfaceMethod com/terraformersmc/modmenu/util/mod/Mod.getId:()Ljava/lang/String;
        72: invokestatic  #7                  // Method getConfigScreenFactory:(Ljava/lang/String;)Lcom/terraformersmc/modmenu/api/ConfigScreenFactory;
        75: ifnull        82
        78: iconst_1
        79: goto          83
        82: iconst_0
        83: invokevirtual #244                // Method com/terraformersmc/modmenu/config/ModMenuConfig$LibraryVisibility.hideMod:(Lcom/terraformersmc/modmenu/util/mod/Mod;Z)Z
        86: ifeq          92
        89: goto          25
        92: aload_1
        93: invokeinterface #248,  1          // InterfaceMethod com/terraformersmc/modmenu/util/mod/Mod.hasUpdate:()Z
        98: ifne          110
       101: aload_1
       102: invokeinterface #251,  1          // InterfaceMethod com/terraformersmc/modmenu/util/mod/Mod.getChildHasUpdate:()Z
       107: ifeq          112
       110: iconst_1
       111: ireturn
       112: goto          25
       115: iconst_0
       116: ireturn

  public static java.lang.String getDisplayedModCount();
    Code:
         0: getstatic     #215                // Field cachedDisplayedModCount:I
         3: iconst_m1
         4: if_icmpne     65
         7: getstatic     #254                // Field com/terraformersmc/modmenu/config/ModMenuConfig.COUNT_CHILDREN:Lcom/terraformersmc/modmenu/config/option/BooleanConfigOption;
        10: invokevirtual #226                // Method com/terraformersmc/modmenu/config/option/BooleanConfigOption.getValue:()Z
        13: istore_0
        14: getstatic     #257                // Field com/terraformersmc/modmenu/config/ModMenuConfig.COUNT_LIBRARIES:Lcom/terraformersmc/modmenu/config/option/BooleanConfigOption;
        17: invokevirtual #226                // Method com/terraformersmc/modmenu/config/option/BooleanConfigOption.getValue:()Z
        20: istore_1
        21: getstatic     #260                // Field com/terraformersmc/modmenu/config/ModMenuConfig.COUNT_HIDDEN_MODS:Lcom/terraformersmc/modmenu/config/option/BooleanConfigOption;
        24: invokevirtual #226                // Method com/terraformersmc/modmenu/config/option/BooleanConfigOption.getValue:()Z
        27: istore_2
        28: getstatic     #147                // Field MODS:Ljava/util/Map;
        31: invokeinterface #161,  1          // InterfaceMethod java/util/Map.values:()Ljava/util/Collection;
        36: invokeinterface #263,  1          // InterfaceMethod java/util/Collection.stream:()Ljava/util/stream/Stream;
        41: iload_0
        42: iload_1
        43: iload_2
        44: invokedynamic #267,  0            // InvokeDynamic #2:test:(ZZZ)Ljava/util/function/Predicate;
        49: invokeinterface #271,  2          // InterfaceMethod java/util/stream/Stream.filter:(Ljava/util/function/Predicate;)Ljava/util/stream/Stream;
        54: invokeinterface #277,  1          // InterfaceMethod java/util/stream/Stream.count:()J
        59: invokestatic  #281                // Method java/lang/Math.toIntExact:(J)I
        62: putstatic     #215                // Field cachedDisplayedModCount:I
        65: invokestatic  #287                // Method java/text/NumberFormat.getInstance:()Ljava/text/NumberFormat;
        68: getstatic     #215                // Field cachedDisplayedModCount:I
        71: i2l
        72: invokevirtual #292                // Method java/text/NumberFormat.format:(J)Ljava/lang/String;
        75: areturn

  public static net.minecraft.network.chat.Component createModsButtonText(boolean);
    Code:
         0: getstatic     #296                // Field com/terraformersmc/modmenu/config/ModMenuConfig.MODS_BUTTON_STYLE:Lcom/terraformersmc/modmenu/config/option/EnumConfigOption;
         3: invokevirtual #237                // Method com/terraformersmc/modmenu/config/option/EnumConfigOption.getValue:()Ljava/lang/Enum;
         6: checkcast     #299                // class com/terraformersmc/modmenu/config/ModMenuConfig$TitleMenuButtonStyle
         9: astore_1
        10: getstatic     #301                // Field com/terraformersmc/modmenu/config/ModMenuConfig.GAME_MENU_BUTTON_STYLE:Lcom/terraformersmc/modmenu/config/option/EnumConfigOption;
        13: invokevirtual #237                // Method com/terraformersmc/modmenu/config/option/EnumConfigOption.getValue:()Ljava/lang/Enum;
        16: checkcast     #304                // class com/terraformersmc/modmenu/config/ModMenuConfig$GameMenuButtonStyle
        19: astore_2
        20: iload_0
        21: ifeq          39
        24: aload_1
        25: getstatic     #306                // Field com/terraformersmc/modmenu/config/ModMenuConfig$TitleMenuButtonStyle.ICON:Lcom/terraformersmc/modmenu/config/ModMenuConfig$TitleMenuButtonStyle;
        28: if_acmpne     35
        31: iconst_1
        32: goto          51
        35: iconst_0
        36: goto          51
        39: aload_2
        40: getstatic     #310                // Field com/terraformersmc/modmenu/config/ModMenuConfig$GameMenuButtonStyle.ICON:Lcom/terraformersmc/modmenu/config/ModMenuConfig$GameMenuButtonStyle;
        43: if_acmpne     50
        46: iconst_1
        47: goto          51
        50: iconst_0
        51: istore_3
        52: iload_0
        53: ifeq          71
        56: aload_1
        57: getstatic     #313                // Field com/terraformersmc/modmenu/config/ModMenuConfig$TitleMenuButtonStyle.SHRINK:Lcom/terraformersmc/modmenu/config/ModMenuConfig$TitleMenuButtonStyle;
        60: if_acmpne     67
        63: iconst_1
        64: goto          83
        67: iconst_0
        68: goto          83
        71: aload_2
        72: getstatic     #310                // Field com/terraformersmc/modmenu/config/ModMenuConfig$GameMenuButtonStyle.ICON:Lcom/terraformersmc/modmenu/config/ModMenuConfig$GameMenuButtonStyle;
        75: if_acmpne     82
        78: iconst_1
        79: goto          83
        82: iconst_0
        83: istore        4
        85: getstatic     #316                // Field com/terraformersmc/modmenu/util/ModMenuScreenTexts.TITLE:Lnet/minecraft/network/chat/Component;
        88: invokeinterface #322,  1          // InterfaceMethod net/minecraft/network/chat/Component.copy:()Lnet/minecraft/network/chat/MutableComponent;
        93: astore        5
        95: getstatic     #328                // Field com/terraformersmc/modmenu/config/ModMenuConfig.MOD_COUNT_LOCATION:Lcom/terraformersmc/modmenu/config/option/EnumConfigOption;
        98: invokevirtual #237                // Method com/terraformersmc/modmenu/config/option/EnumConfigOption.getValue:()Ljava/lang/Enum;
       101: checkcast     #331                // class com/terraformersmc/modmenu/config/ModMenuConfig$ModCountLocation
       104: invokevirtual #333                // Method com/terraformersmc/modmenu/config/ModMenuConfig$ModCountLocation.isOnModsButton:()Z
       107: ifeq          250
       110: iload_3
       111: ifne          250
       114: invokestatic  #336                // Method getDisplayedModCount:()Ljava/lang/String;
       117: astore        6
       119: iload         4
       121: ifeq          157
       124: aload         5
       126: ldc_w         #339                // String
       129: invokestatic  #341                // InterfaceMethod net/minecraft/network/chat/Component.literal:(Ljava/lang/String;)Lnet/minecraft/network/chat/MutableComponent;
       132: invokevirtual #345                // Method net/minecraft/network/chat/MutableComponent.append:(Lnet/minecraft/network/chat/Component;)Lnet/minecraft/network/chat/MutableComponent;
       135: ldc_w         #351                // String modmenu.loaded.short
       138: iconst_1
       139: anewarray     #2                  // class java/lang/Object
       142: dup
       143: iconst_0
       144: aload         6
       146: aastore
       147: invokestatic  #353                // InterfaceMethod net/minecraft/network/chat/Component.translatable:(Ljava/lang/String;[Ljava/lang/Object;)Lnet/minecraft/network/chat/MutableComponent;
       150: invokevirtual #345                // Method net/minecraft/network/chat/MutableComponent.append:(Lnet/minecraft/network/chat/Component;)Lnet/minecraft/network/chat/MutableComponent;
       153: pop
       154: goto          250
       157: aload         6
       159: invokedynamic #357,  0            // InvokeDynamic #3:makeConcatWithConstants:(Ljava/lang/String;)Ljava/lang/String;
       164: astore        7
       166: invokestatic  #361                // Method net/minecraft/locale/Language.getInstance:()Lnet/minecraft/locale/Language;
       169: aload         7
       171: invokevirtual #366                // Method net/minecraft/locale/Language.has:(Ljava/lang/String;)Z
       174: ifeq          182
       177: aload         7
       179: goto          185
       182: ldc_w         #370                // String modmenu.loaded
       185: astore        8
       187: getstatic     #372                // Field com/terraformersmc/modmenu/config/ModMenuConfig.EASTER_EGGS:Lcom/terraformersmc/modmenu/config/option/BooleanConfigOption;
       190: invokevirtual #226                // Method com/terraformersmc/modmenu/config/option/BooleanConfigOption.getValue:()Z
       193: ifeq          221
       196: invokestatic  #361                // Method net/minecraft/locale/Language.getInstance:()Lnet/minecraft/locale/Language;
       199: aload         7
       201: invokedynamic #375,  0            // InvokeDynamic #4:makeConcatWithConstants:(Ljava/lang/String;)Ljava/lang/String;
       206: invokevirtual #366                // Method net/minecraft/locale/Language.has:(Ljava/lang/String;)Z
       209: ifeq          221
       212: aload         7
       214: invokedynamic #375,  0            // InvokeDynamic #4:makeConcatWithConstants:(Ljava/lang/String;)Ljava/lang/String;
       219: astore        8
       221: aload         5
       223: ldc_w         #339                // String
       226: invokestatic  #341                // InterfaceMethod net/minecraft/network/chat/Component.literal:(Ljava/lang/String;)Lnet/minecraft/network/chat/MutableComponent;
       229: invokevirtual #345                // Method net/minecraft/network/chat/MutableComponent.append:(Lnet/minecraft/network/chat/Component;)Lnet/minecraft/network/chat/MutableComponent;
       232: aload         8
       234: iconst_1
       235: anewarray     #2                  // class java/lang/Object
       238: dup
       239: iconst_0
       240: aload         6
       242: aastore
       243: invokestatic  #353                // InterfaceMethod net/minecraft/network/chat/Component.translatable:(Ljava/lang/String;[Ljava/lang/Object;)Lnet/minecraft/network/chat/MutableComponent;
       246: invokevirtual #345                // Method net/minecraft/network/chat/MutableComponent.append:(Lnet/minecraft/network/chat/Component;)Lnet/minecraft/network/chat/MutableComponent;
       249: pop
       250: aload         5
       252: areturn

  private static boolean lambda$getDisplayedModCount$0(boolean, boolean, boolean, com.terraformersmc.modmenu.util.mod.Mod);
    Code:
         0: aload_3
         1: invokeinterface #164,  1          // InterfaceMethod com/terraformersmc/modmenu/util/mod/Mod.getParent:()Ljava/lang/String;
         6: ifnull        13
         9: iconst_1
        10: goto          14
        13: iconst_0
        14: istore        4
        16: iload_0
        17: ifne          27
        20: iload         4
        22: ifeq          27
        25: iconst_0
        26: ireturn
        27: aload_3
        28: invokeinterface #376,  1          // InterfaceMethod com/terraformersmc/modmenu/util/mod/Mod.getBadges:()Ljava/util/Set;
        33: getstatic     #379                // Field com/terraformersmc/modmenu/util/mod/Mod$Badge.LIBRARY:Lcom/terraformersmc/modmenu/util/mod/Mod$Badge;
        36: invokeinterface #31,  2           // InterfaceMethod java/util/Set.contains:(Ljava/lang/Object;)Z
        41: istore        5
        43: iload_1
        44: ifne          54
        47: iload         5
        49: ifeq          54
        52: iconst_0
        53: ireturn
        54: iload_2
        55: ifne          67
        58: aload_3
        59: invokeinterface #230,  1          // InterfaceMethod com/terraformersmc/modmenu/util/mod/Mod.isHidden:()Z
        64: ifne          71
        67: iconst_1
        68: goto          72
        71: iconst_0
        72: ireturn

  private static void lambda$onInitializeClient$0(java.util.Map, java.util.Map, java.util.Set, net.fabricmc.loader.api.entrypoint.EntrypointContainer);
    Code:
         0: aload_3
         1: invokeinterface #385,  1          // InterfaceMethod net/fabricmc/loader/api/entrypoint/EntrypointContainer.getProvider:()Lnet/fabricmc/loader/api/ModContainer;
         6: invokeinterface #391,  1          // InterfaceMethod net/fabricmc/loader/api/ModContainer.getMetadata:()Lnet/fabricmc/loader/api/metadata/ModMetadata;
        11: astore        4
        13: aload         4
        15: invokeinterface #395,  1          // InterfaceMethod net/fabricmc/loader/api/metadata/ModMetadata.getId:()Ljava/lang/String;
        20: astore        5
        22: aload_3
        23: invokeinterface #398,  1          // InterfaceMethod net/fabricmc/loader/api/entrypoint/EntrypointContainer.getEntrypoint:()Ljava/lang/Object;
        28: checkcast     #57                 // class com/terraformersmc/modmenu/api/ModMenuApi
        31: astore        6
        33: aload         6
        35: invokeinterface #401,  1          // InterfaceMethod com/terraformersmc/modmenu/api/ModMenuApi.getModConfigScreenFactory:()Lcom/terraformersmc/modmenu/api/ConfigScreenFactory;
        40: astore        7
        42: aload         7
        44: instanceof    #405                // class com/terraformersmc/modmenu/util/NullScreenFactory
        47: ifne          63
        50: getstatic     #68                 // Field configScreenFactories:Ljava/util/Map;
        53: aload         5
        55: aload         7
        57: invokeinterface #150,  3          // InterfaceMethod java/util/Map.put:(Ljava/lang/Object;Ljava/lang/Object;)Ljava/lang/Object;
        62: pop
        63: getstatic     #37                 // Field apiImplementations:Ljava/util/List;
        66: aload         6
        68: invokeinterface #407,  2          // InterfaceMethod java/util/List.add:(Ljava/lang/Object;)Z
        73: pop
        74: aload_0
        75: aload         5
        77: aload         6
        79: invokeinterface #408,  1          // InterfaceMethod com/terraformersmc/modmenu/api/ModMenuApi.getUpdateChecker:()Lcom/terraformersmc/modmenu/api/UpdateChecker;
        84: invokeinterface #150,  3          // InterfaceMethod java/util/Map.put:(Ljava/lang/Object;Ljava/lang/Object;)Ljava/lang/Object;
        89: pop
        90: aload_1
        91: aload         6
        93: invokeinterface #412,  1          // InterfaceMethod com/terraformersmc/modmenu/api/ModMenuApi.getProvidedUpdateCheckers:()Ljava/util/Map;
        98: invokeinterface #206,  2          // InterfaceMethod java/util/Map.putAll:(Ljava/util/Map;)V
       103: aload         6
       105: aload_2
       106: dup
       107: invokestatic  #72                 // Method java/util/Objects.requireNonNull:(Ljava/lang/Object;)Ljava/lang/Object;
       110: pop
       111: invokedynamic #415,  0            // InvokeDynamic #5:accept:(Ljava/util/Set;)Ljava/util/function/Consumer;
       116: invokeinterface #418,  2          // InterfaceMethod com/terraformersmc/modmenu/api/ModMenuApi.attachModpackBadges:(Ljava/util/function/Consumer;)V
       121: goto          141
       124: astore        6
       126: getstatic     #182                // Field LOGGER:Lorg/slf4j/Logger;
       129: ldc_w         #423                // String Mod {} provides a broken implementation of ModMenuApi
       132: aload         5
       134: aload         6
       136: invokeinterface #425,  4          // InterfaceMethod org/slf4j/Logger.error:(Ljava/lang/String;Ljava/lang/Object;Ljava/lang/Object;)V
       141: return
      Exception table:
         from    to  target type
            22   121   124   Class java/lang/Throwable

  static {};
    Code:
         0: ldc_w         #429                // String Mod Menu
         3: invokestatic  #431                // Method org/slf4j/LoggerFactory.getLogger:(Ljava/lang/String;)Lorg/slf4j/Logger;
         6: putstatic     #182                // Field LOGGER:Lorg/slf4j/Logger;
         9: new           #437                // class com/google/gson/GsonBuilder
        12: dup
        13: invokespecial #439                // Method com/google/gson/GsonBuilder."<init>":()V
        16: ldc_w         #440                // class java/lang/Enum
        19: new           #442                // class com/terraformersmc/modmenu/util/EnumToLowerCaseJsonConverter
        22: dup
        23: invokespecial #444                // Method com/terraformersmc/modmenu/util/EnumToLowerCaseJsonConverter."<init>":()V
        26: invokevirtual #445                // Method com/google/gson/GsonBuilder.registerTypeHierarchyAdapter:(Ljava/lang/Class;Ljava/lang/Object;)Lcom/google/gson/GsonBuilder;
        29: getstatic     #449                // Field com/google/gson/FieldNamingPolicy.LOWER_CASE_WITH_UNDERSCORES:Lcom/google/gson/FieldNamingPolicy;
        32: invokevirtual #455                // Method com/google/gson/GsonBuilder.setFieldNamingPolicy:(Lcom/google/gson/FieldNamingPolicy;)Lcom/google/gson/GsonBuilder;
        35: astore_0
        36: aload_0
        37: invokevirtual #459                // Method com/google/gson/GsonBuilder.setPrettyPrinting:()Lcom/google/gson/GsonBuilder;
        40: invokevirtual #463                // Method com/google/gson/GsonBuilder.create:()Lcom/google/gson/Gson;
        43: putstatic     #466                // Field GSON:Lcom/google/gson/Gson;
        46: aload_0
        47: invokevirtual #463                // Method com/google/gson/GsonBuilder.create:()Lcom/google/gson/Gson;
        50: putstatic     #470                // Field GSON_MINIFIED:Lcom/google/gson/Gson;
        53: new           #473                // class java/util/concurrent/ConcurrentHashMap
        56: dup
        57: invokespecial #475                // Method java/util/concurrent/ConcurrentHashMap."<init>":()V
        60: putstatic     #147                // Field MODS:Ljava/util/Map;
        63: new           #473                // class java/util/concurrent/ConcurrentHashMap
        66: dup
        67: invokespecial #475                // Method java/util/concurrent/ConcurrentHashMap."<init>":()V
        70: putstatic     #167                // Field ROOT_MODS:Ljava/util/Map;
        73: invokestatic  #476                // Method com/google/common/collect/LinkedListMultimap.create:()Lcom/google/common/collect/LinkedListMultimap;
        76: invokestatic  #481                // Method com/google/common/collect/Multimaps.synchronizedListMultimap:(Lcom/google/common/collect/ListMultimap;)Lcom/google/common/collect/ListMultimap;
        79: putstatic     #197                // Field PARENT_MAP:Lcom/google/common/collect/ListMultimap;
        82: new           #473                // class java/util/concurrent/ConcurrentHashMap
        85: dup
        86: invokespecial #475                // Method java/util/concurrent/ConcurrentHashMap."<init>":()V
        89: putstatic     #68                 // Field configScreenFactories:Ljava/util/Map;
        92: new           #487                // class java/util/ArrayList
        95: dup
        96: invokespecial #489                // Method java/util/ArrayList."<init>":()V
        99: putstatic     #37                 // Field apiImplementations:Ljava/util/List;
       102: iconst_m1
       103: putstatic     #215                // Field cachedDisplayedModCount:I
       106: invokestatic  #100                // InterfaceMethod net/fabricmc/loader/api/FabricLoader.getInstance:()Lnet/fabricmc/loader/api/FabricLoader;
       109: ldc_w         #490                // String quilt_loader
       112: invokeinterface #492,  2          // InterfaceMethod net/fabricmc/loader/api/FabricLoader.isModLoaded:(Ljava/lang/String;)Z
       117: putstatic     #127                // Field RUNNING_QUILT:Z
       120: invokestatic  #100                // InterfaceMethod net/fabricmc/loader/api/FabricLoader.getInstance:()Lnet/fabricmc/loader/api/FabricLoader;
       123: invokeinterface #495,  1          // InterfaceMethod net/fabricmc/loader/api/FabricLoader.isDevelopmentEnvironment:()Z
       128: putstatic     #498                // Field DEV_ENVIRONMENT:Z
       131: invokestatic  #100                // InterfaceMethod net/fabricmc/loader/api/FabricLoader.getInstance:()Lnet/fabricmc/loader/api/FabricLoader;
       134: ldc_w         #501                // String placeholder-api
       137: invokeinterface #492,  2          // InterfaceMethod net/fabricmc/loader/api/FabricLoader.isModLoaded:(Ljava/lang/String;)Z
       142: putstatic     #503                // Field TEXT_PLACEHOLDER_COMPAT:Z
       145: return
}
